Analysis & Synthesis report for ChronoX
Sun Dec 29 01:16:58 2024
Quartus Prime Version 18.1.0 Build 625 09/12/2018 SJ Lite Edition


---------------------
; Table of Contents ;
---------------------
  1. Legal Notice
  2. Analysis & Synthesis Summary
  3. Analysis & Synthesis Settings
  4. Parallel Compilation
  5. Analysis & Synthesis Source Files Read
  6. Analysis & Synthesis Resource Usage Summary
  7. Analysis & Synthesis Resource Utilization by Entity
  8. State Machine - |top|current_state
  9. State Machine - |top|timer:u_timer|choice
 10. State Machine - |top|timer:u_timer|current_state
 11. State Machine - |top|stopwatch:u_stopwatch|current_state
 12. State Machine - |top|clock:u_clock|choice
 13. Registers Removed During Synthesis
 14. General Register Statistics
 15. Inverted Register Statistics
 16. Multiplexer Restructuring Statistics (Restructuring Performed)
 17. Parameter Settings for Inferred Entity Instance: seg:u_seg|lpm_divide:Div0
 18. Parameter Settings for Inferred Entity Instance: seg:u_seg|lpm_divide:Div1
 19. Parameter Settings for Inferred Entity Instance: seg:u_seg|lpm_divide:Div2
 20. Parameter Settings for Inferred Entity Instance: seg:u_seg|lpm_divide:Mod0
 21. Parameter Settings for Inferred Entity Instance: seg:u_seg|lpm_divide:Mod2
 22. Parameter Settings for Inferred Entity Instance: seg:u_seg|lpm_divide:Mod1
 23. Post-Synthesis Netlist Statistics for Top Partition
 24. Elapsed Time Per Partition
 25. Analysis & Synthesis Messages
 26. Analysis & Synthesis Suppressed Messages



----------------
; Legal Notice ;
----------------
Copyright (C) 2018  Intel Corporation. All rights reserved.
Your use of Intel Corporation's design tools, logic functions 
and other software and tools, and its AMPP partner logic 
functions, and any output files from any of the foregoing 
(including device programming or simulation files), and any 
associated documentation or information are expressly subject 
to the terms and conditions of the Intel Program License 
Subscription Agreement, the Intel Quartus Prime License Agreement,
the Intel FPGA IP License Agreement, or other applicable license
agreement, including, without limitation, that your use is for
the sole purpose of programming logic devices manufactured by
Intel and sold by Intel or its authorized distributors.  Please
refer to the applicable agreement for further details.



+----------------------------------------------------------------------------------+
; Analysis & Synthesis Summary                                                     ;
+------------------------------------+---------------------------------------------+
; Analysis & Synthesis Status        ; Successful - Sun Dec 29 01:16:58 2024       ;
; Quartus Prime Version              ; 18.1.0 Build 625 09/12/2018 SJ Lite Edition ;
; Revision Name                      ; ChronoX                                     ;
; Top-level Entity Name              ; top                                         ;
; Family                             ; Cyclone IV E                                ;
; Total logic elements               ; 876                                         ;
;     Total combinational functions  ; 863                                         ;
;     Dedicated logic registers      ; 280                                         ;
; Total registers                    ; 280                                         ;
; Total pins                         ; 28                                          ;
; Total virtual pins                 ; 0                                           ;
; Total memory bits                  ; 0                                           ;
; Embedded Multiplier 9-bit elements ; 0                                           ;
; Total PLLs                         ; 0                                           ;
+------------------------------------+---------------------------------------------+


+------------------------------------------------------------------------------------------------------------+
; Analysis & Synthesis Settings                                                                              ;
+------------------------------------------------------------------+--------------------+--------------------+
; Option                                                           ; Setting            ; Default Value      ;
+------------------------------------------------------------------+--------------------+--------------------+
; Device                                                           ; EP4CE6E22C8        ;                    ;
; Top-level entity name                                            ; top                ; ChronoX            ;
; Family name                                                      ; Cyclone IV E       ; Cyclone V          ;
; Use smart compilation                                            ; Off                ; Off                ;
; Enable parallel Assembler and Timing Analyzer during compilation ; On                 ; On                 ;
; Enable compact report table                                      ; Off                ; Off                ;
; Restructure Multiplexers                                         ; Auto               ; Auto               ;
; Create Debugging Nodes for IP Cores                              ; Off                ; Off                ;
; Preserve fewer node names                                        ; On                 ; On                 ;
; Intel FPGA IP Evaluation Mode                                    ; Enable             ; Enable             ;
; Verilog Version                                                  ; Verilog_2001       ; Verilog_2001       ;
; VHDL Version                                                     ; VHDL_1993          ; VHDL_1993          ;
; State Machine Processing                                         ; Auto               ; Auto               ;
; Safe State Machine                                               ; Off                ; Off                ;
; Extract Verilog State Machines                                   ; On                 ; On                 ;
; Extract VHDL State Machines                                      ; On                 ; On                 ;
; Ignore Verilog initial constructs                                ; Off                ; Off                ;
; Iteration limit for constant Verilog loops                       ; 5000               ; 5000               ;
; Iteration limit for non-constant Verilog loops                   ; 250                ; 250                ;
; Add Pass-Through Logic to Inferred RAMs                          ; On                 ; On                 ;
; Infer RAMs from Raw Logic                                        ; On                 ; On                 ;
; Parallel Synthesis                                               ; On                 ; On                 ;
; DSP Block Balancing                                              ; Auto               ; Auto               ;
; NOT Gate Push-Back                                               ; On                 ; On                 ;
; Power-Up Don't Care                                              ; On                 ; On                 ;
; Remove Redundant Logic Cells                                     ; Off                ; Off                ;
; Remove Duplicate Registers                                       ; On                 ; On                 ;
; Ignore CARRY Buffers                                             ; Off                ; Off                ;
; Ignore CASCADE Buffers                                           ; Off                ; Off                ;
; Ignore GLOBAL Buffers                                            ; Off                ; Off                ;
; Ignore ROW GLOBAL Buffers                                        ; Off                ; Off                ;
; Ignore LCELL Buffers                                             ; Off                ; Off                ;
; Ignore SOFT Buffers                                              ; On                 ; On                 ;
; Limit AHDL Integers to 32 Bits                                   ; Off                ; Off                ;
; Optimization Technique                                           ; Balanced           ; Balanced           ;
; Carry Chain Length                                               ; 70                 ; 70                 ;
; Auto Carry Chains                                                ; On                 ; On                 ;
; Auto Open-Drain Pins                                             ; On                 ; On                 ;
; Perform WYSIWYG Primitive Resynthesis                            ; Off                ; Off                ;
; Auto ROM Replacement                                             ; On                 ; On                 ;
; Auto RAM Replacement                                             ; On                 ; On                 ;
; Auto DSP Block Replacement                                       ; On                 ; On                 ;
; Auto Shift Register Replacement                                  ; Auto               ; Auto               ;
; Allow Shift Register Merging across Hierarchies                  ; Auto               ; Auto               ;
; Auto Clock Enable Replacement                                    ; On                 ; On                 ;
; Strict RAM Replacement                                           ; Off                ; Off                ;
; Allow Synchronous Control Signals                                ; On                 ; On                 ;
; Force Use of Synchronous Clear Signals                           ; Off                ; Off                ;
; Auto RAM Block Balancing                                         ; On                 ; On                 ;
; Auto RAM to Logic Cell Conversion                                ; Off                ; Off                ;
; Auto Resource Sharing                                            ; Off                ; Off                ;
; Allow Any RAM Size For Recognition                               ; Off                ; Off                ;
; Allow Any ROM Size For Recognition                               ; Off                ; Off                ;
; Allow Any Shift Register Size For Recognition                    ; Off                ; Off                ;
; Use LogicLock Constraints during Resource Balancing              ; On                 ; On                 ;
; Ignore translate_off and synthesis_off directives                ; Off                ; Off                ;
; Timing-Driven Synthesis                                          ; On                 ; On                 ;
; Report Parameter Settings                                        ; On                 ; On                 ;
; Report Source Assignments                                        ; On                 ; On                 ;
; Report Connectivity Checks                                       ; On                 ; On                 ;
; Ignore Maximum Fan-Out Assignments                               ; Off                ; Off                ;
; Synchronization Register Chain Length                            ; 2                  ; 2                  ;
; Power Optimization During Synthesis                              ; Normal compilation ; Normal compilation ;
; HDL message level                                                ; Level2             ; Level2             ;
; Suppress Register Optimization Related Messages                  ; Off                ; Off                ;
; Number of Removed Registers Reported in Synthesis Report         ; 5000               ; 5000               ;
; Number of Swept Nodes Reported in Synthesis Report               ; 5000               ; 5000               ;
; Number of Inverted Registers Reported in Synthesis Report        ; 100                ; 100                ;
; Clock MUX Protection                                             ; On                 ; On                 ;
; Auto Gated Clock Conversion                                      ; Off                ; Off                ;
; Block Design Naming                                              ; Auto               ; Auto               ;
; SDC constraint protection                                        ; Off                ; Off                ;
; Synthesis Effort                                                 ; Auto               ; Auto               ;
; Shift Register Replacement - Allow Asynchronous Clear Signal     ; On                 ; On                 ;
; Pre-Mapping Resynthesis Optimization                             ; Off                ; Off                ;
; Analysis & Synthesis Message Level                               ; Medium             ; Medium             ;
; Disable Register Merging Across Hierarchies                      ; Auto               ; Auto               ;
; Resource Aware Inference For Block RAM                           ; On                 ; On                 ;
+------------------------------------------------------------------+--------------------+--------------------+


+------------------------------------------+
; Parallel Compilation                     ;
+----------------------------+-------------+
; Processors                 ; Number      ;
+----------------------------+-------------+
; Number detected on machine ; 16          ;
; Maximum allowed            ; 12          ;
;                            ;             ;
; Average used               ; 1.00        ;
; Maximum used               ; 12          ;
;                            ;             ;
; Usage by Processor         ; % Time Used ;
;     Processor 1            ; 100.0%      ;
;     Processor 2            ;   0.0%      ;
;     Processor 3            ;   0.0%      ;
;     Processor 4            ;   0.0%      ;
;     Processor 5            ;   0.0%      ;
;     Processor 6            ;   0.0%      ;
;     Processors 7-12        ;   0.0%      ;
+----------------------------+-------------+


+--------------------------------------------------------------------------------------------------------------------------------------------------------------------------+
; Analysis & Synthesis Source Files Read                                                                                                                                   ;
+----------------------------------+-----------------+------------------------------+----------------------------------------------------------------------------+---------+
; File Name with User-Entered Path ; Used in Netlist ; File Type                    ; File Name with Absolute Path                                               ; Library ;
+----------------------------------+-----------------+------------------------------+----------------------------------------------------------------------------+---------+
; src/top.v                        ; yes             ; User Verilog HDL File        ; C:/intelFPGA_lite/18.1/project/ChronoX/src/top.v                           ;         ;
; src/key.v                        ; yes             ; User Verilog HDL File        ; C:/intelFPGA_lite/18.1/project/ChronoX/src/key.v                           ;         ;
; src/seg.v                        ; yes             ; User Verilog HDL File        ; C:/intelFPGA_lite/18.1/project/ChronoX/src/seg.v                           ;         ;
; src/clock.v                      ; yes             ; User Verilog HDL File        ; C:/intelFPGA_lite/18.1/project/ChronoX/src/clock.v                         ;         ;
; src/stopwatch.v                  ; yes             ; User Verilog HDL File        ; C:/intelFPGA_lite/18.1/project/ChronoX/src/stopwatch.v                     ;         ;
; src/timer.v                      ; yes             ; User Verilog HDL File        ; C:/intelFPGA_lite/18.1/project/ChronoX/src/timer.v                         ;         ;
; src/blink.v                      ; yes             ; User Verilog HDL File        ; C:/intelFPGA_lite/18.1/project/ChronoX/src/blink.v                         ;         ;
; src/buzz.v                       ; yes             ; User Verilog HDL File        ; C:/intelFPGA_lite/18.1/project/ChronoX/src/buzz.v                          ;         ;
; lpm_divide.tdf                   ; yes             ; Megafunction                 ; c:/intelfpga_lite/18.1/quartus/libraries/megafunctions/lpm_divide.tdf      ;         ;
; abs_divider.inc                  ; yes             ; Megafunction                 ; c:/intelfpga_lite/18.1/quartus/libraries/megafunctions/abs_divider.inc     ;         ;
; sign_div_unsign.inc              ; yes             ; Megafunction                 ; c:/intelfpga_lite/18.1/quartus/libraries/megafunctions/sign_div_unsign.inc ;         ;
; aglobal181.inc                   ; yes             ; Megafunction                 ; c:/intelfpga_lite/18.1/quartus/libraries/megafunctions/aglobal181.inc      ;         ;
; db/lpm_divide_ihm.tdf            ; yes             ; Auto-Generated Megafunction  ; C:/intelFPGA_lite/18.1/project/ChronoX/db/lpm_divide_ihm.tdf               ;         ;
; db/sign_div_unsign_akh.tdf       ; yes             ; Auto-Generated Megafunction  ; C:/intelFPGA_lite/18.1/project/ChronoX/db/sign_div_unsign_akh.tdf          ;         ;
; db/alt_u_div_84f.tdf             ; yes             ; Auto-Generated Megafunction  ; C:/intelFPGA_lite/18.1/project/ChronoX/db/alt_u_div_84f.tdf                ;         ;
; db/add_sub_7pc.tdf               ; yes             ; Auto-Generated Megafunction  ; C:/intelFPGA_lite/18.1/project/ChronoX/db/add_sub_7pc.tdf                  ;         ;
; db/add_sub_8pc.tdf               ; yes             ; Auto-Generated Megafunction  ; C:/intelFPGA_lite/18.1/project/ChronoX/db/add_sub_8pc.tdf                  ;         ;
; db/lpm_divide_l9m.tdf            ; yes             ; Auto-Generated Megafunction  ; C:/intelFPGA_lite/18.1/project/ChronoX/db/lpm_divide_l9m.tdf               ;         ;
+----------------------------------+-----------------+------------------------------+----------------------------------------------------------------------------+---------+


+---------------------------------------------------------+
; Analysis & Synthesis Resource Usage Summary             ;
+---------------------------------------------+-----------+
; Resource                                    ; Usage     ;
+---------------------------------------------+-----------+
; Estimated Total logic elements              ; 876       ;
;                                             ;           ;
; Total combinational functions               ; 863       ;
; Logic element usage by number of LUT inputs ;           ;
;     -- 4 input functions                    ; 360       ;
;     -- 3 input functions                    ; 138       ;
;     -- <=2 input functions                  ; 365       ;
;                                             ;           ;
; Logic elements by mode                      ;           ;
;     -- normal mode                          ; 552       ;
;     -- arithmetic mode                      ; 311       ;
;                                             ;           ;
; Total registers                             ; 280       ;
;     -- Dedicated logic registers            ; 280       ;
;     -- I/O registers                        ; 0         ;
;                                             ;           ;
; I/O pins                                    ; 28        ;
;                                             ;           ;
; Embedded Multiplier 9-bit elements          ; 0         ;
;                                             ;           ;
; Maximum fan-out node                        ; clk~input ;
; Maximum fan-out                             ; 280       ;
; Total fan-out                               ; 3607      ;
; Average fan-out                             ; 3.01      ;
+---------------------------------------------+-----------+


+----------------------------------------------------------------------------------------------------------------------------------------------------------------------------------------------------------------------------------------------------------------------------------------------------------------------------+
; Analysis & Synthesis Resource Utilization by Entity                                                                                                                                                                                                                                                                        ;
+-------------------------------------------+---------------------+---------------------------+-------------+--------------+---------+-----------+------+--------------+----------------------------------------------------------------------------------------------------------------+---------------------+--------------+
; Compilation Hierarchy Node                ; Combinational ALUTs ; Dedicated Logic Registers ; Memory Bits ; DSP Elements ; DSP 9x9 ; DSP 18x18 ; Pins ; Virtual Pins ; Full Hierarchy Name                                                                                            ; Entity Name         ; Library Name ;
+-------------------------------------------+---------------------+---------------------------+-------------+--------------+---------+-----------+------+--------------+----------------------------------------------------------------------------------------------------------------+---------------------+--------------+
; |top                                      ; 863 (36)            ; 280 (3)                   ; 0           ; 0            ; 0       ; 0         ; 28   ; 0            ; |top                                                                                                           ; top                 ; work         ;
;    |clock:u_clock|                        ; 81 (81)             ; 47 (47)                   ; 0           ; 0            ; 0       ; 0         ; 0    ; 0            ; |top|clock:u_clock                                                                                             ; clock               ; work         ;
;    |key:u_key|                            ; 32 (32)             ; 22 (22)                   ; 0           ; 0            ; 0       ; 0         ; 0    ; 0            ; |top|key:u_key                                                                                                 ; key                 ; work         ;
;    |seg:u_seg|                            ; 311 (71)            ; 27 (27)                   ; 0           ; 0            ; 0       ; 0         ; 0    ; 0            ; |top|seg:u_seg                                                                                                 ; seg                 ; work         ;
;       |lpm_divide:Div0|                   ; 43 (0)              ; 0 (0)                     ; 0           ; 0            ; 0       ; 0         ; 0    ; 0            ; |top|seg:u_seg|lpm_divide:Div0                                                                                 ; lpm_divide          ; work         ;
;          |lpm_divide_ihm:auto_generated|  ; 43 (0)              ; 0 (0)                     ; 0           ; 0            ; 0       ; 0         ; 0    ; 0            ; |top|seg:u_seg|lpm_divide:Div0|lpm_divide_ihm:auto_generated                                                   ; lpm_divide_ihm      ; work         ;
;             |sign_div_unsign_akh:divider| ; 43 (0)              ; 0 (0)                     ; 0           ; 0            ; 0       ; 0         ; 0    ; 0            ; |top|seg:u_seg|lpm_divide:Div0|lpm_divide_ihm:auto_generated|sign_div_unsign_akh:divider                       ; sign_div_unsign_akh ; work         ;
;                |alt_u_div_84f:divider|    ; 43 (43)             ; 0 (0)                     ; 0           ; 0            ; 0       ; 0         ; 0    ; 0            ; |top|seg:u_seg|lpm_divide:Div0|lpm_divide_ihm:auto_generated|sign_div_unsign_akh:divider|alt_u_div_84f:divider ; alt_u_div_84f       ; work         ;
;       |lpm_divide:Div1|                   ; 31 (0)              ; 0 (0)                     ; 0           ; 0            ; 0       ; 0         ; 0    ; 0            ; |top|seg:u_seg|lpm_divide:Div1                                                                                 ; lpm_divide          ; work         ;
;          |lpm_divide_ihm:auto_generated|  ; 31 (0)              ; 0 (0)                     ; 0           ; 0            ; 0       ; 0         ; 0    ; 0            ; |top|seg:u_seg|lpm_divide:Div1|lpm_divide_ihm:auto_generated                                                   ; lpm_divide_ihm      ; work         ;
;             |sign_div_unsign_akh:divider| ; 31 (0)              ; 0 (0)                     ; 0           ; 0            ; 0       ; 0         ; 0    ; 0            ; |top|seg:u_seg|lpm_divide:Div1|lpm_divide_ihm:auto_generated|sign_div_unsign_akh:divider                       ; sign_div_unsign_akh ; work         ;
;                |alt_u_div_84f:divider|    ; 31 (31)             ; 0 (0)                     ; 0           ; 0            ; 0       ; 0         ; 0    ; 0            ; |top|seg:u_seg|lpm_divide:Div1|lpm_divide_ihm:auto_generated|sign_div_unsign_akh:divider|alt_u_div_84f:divider ; alt_u_div_84f       ; work         ;
;       |lpm_divide:Div2|                   ; 43 (0)              ; 0 (0)                     ; 0           ; 0            ; 0       ; 0         ; 0    ; 0            ; |top|seg:u_seg|lpm_divide:Div2                                                                                 ; lpm_divide          ; work         ;
;          |lpm_divide_ihm:auto_generated|  ; 43 (0)              ; 0 (0)                     ; 0           ; 0            ; 0       ; 0         ; 0    ; 0            ; |top|seg:u_seg|lpm_divide:Div2|lpm_divide_ihm:auto_generated                                                   ; lpm_divide_ihm      ; work         ;
;             |sign_div_unsign_akh:divider| ; 43 (0)              ; 0 (0)                     ; 0           ; 0            ; 0       ; 0         ; 0    ; 0            ; |top|seg:u_seg|lpm_divide:Div2|lpm_divide_ihm:auto_generated|sign_div_unsign_akh:divider                       ; sign_div_unsign_akh ; work         ;
;                |alt_u_div_84f:divider|    ; 43 (43)             ; 0 (0)                     ; 0           ; 0            ; 0       ; 0         ; 0    ; 0            ; |top|seg:u_seg|lpm_divide:Div2|lpm_divide_ihm:auto_generated|sign_div_unsign_akh:divider|alt_u_div_84f:divider ; alt_u_div_84f       ; work         ;
;       |lpm_divide:Mod0|                   ; 43 (0)              ; 0 (0)                     ; 0           ; 0            ; 0       ; 0         ; 0    ; 0            ; |top|seg:u_seg|lpm_divide:Mod0                                                                                 ; lpm_divide          ; work         ;
;          |lpm_divide_l9m:auto_generated|  ; 43 (0)              ; 0 (0)                     ; 0           ; 0            ; 0       ; 0         ; 0    ; 0            ; |top|seg:u_seg|lpm_divide:Mod0|lpm_divide_l9m:auto_generated                                                   ; lpm_divide_l9m      ; work         ;
;             |sign_div_unsign_akh:divider| ; 43 (0)              ; 0 (0)                     ; 0           ; 0            ; 0       ; 0         ; 0    ; 0            ; |top|seg:u_seg|lpm_divide:Mod0|lpm_divide_l9m:auto_generated|sign_div_unsign_akh:divider                       ; sign_div_unsign_akh ; work         ;
;                |alt_u_div_84f:divider|    ; 43 (43)             ; 0 (0)                     ; 0           ; 0            ; 0       ; 0         ; 0    ; 0            ; |top|seg:u_seg|lpm_divide:Mod0|lpm_divide_l9m:auto_generated|sign_div_unsign_akh:divider|alt_u_div_84f:divider ; alt_u_div_84f       ; work         ;
;       |lpm_divide:Mod1|                   ; 34 (0)              ; 0 (0)                     ; 0           ; 0            ; 0       ; 0         ; 0    ; 0            ; |top|seg:u_seg|lpm_divide:Mod1                                                                                 ; lpm_divide          ; work         ;
;          |lpm_divide_l9m:auto_generated|  ; 34 (0)              ; 0 (0)                     ; 0           ; 0            ; 0       ; 0         ; 0    ; 0            ; |top|seg:u_seg|lpm_divide:Mod1|lpm_divide_l9m:auto_generated                                                   ; lpm_divide_l9m      ; work         ;
;             |sign_div_unsign_akh:divider| ; 34 (0)              ; 0 (0)                     ; 0           ; 0            ; 0       ; 0         ; 0    ; 0            ; |top|seg:u_seg|lpm_divide:Mod1|lpm_divide_l9m:auto_generated|sign_div_unsign_akh:divider                       ; sign_div_unsign_akh ; work         ;
;                |alt_u_div_84f:divider|    ; 34 (34)             ; 0 (0)                     ; 0           ; 0            ; 0       ; 0         ; 0    ; 0            ; |top|seg:u_seg|lpm_divide:Mod1|lpm_divide_l9m:auto_generated|sign_div_unsign_akh:divider|alt_u_div_84f:divider ; alt_u_div_84f       ; work         ;
;       |lpm_divide:Mod2|                   ; 46 (0)              ; 0 (0)                     ; 0           ; 0            ; 0       ; 0         ; 0    ; 0            ; |top|seg:u_seg|lpm_divide:Mod2                                                                                 ; lpm_divide          ; work         ;
;          |lpm_divide_l9m:auto_generated|  ; 46 (0)              ; 0 (0)                     ; 0           ; 0            ; 0       ; 0         ; 0    ; 0            ; |top|seg:u_seg|lpm_divide:Mod2|lpm_divide_l9m:auto_generated                                                   ; lpm_divide_l9m      ; work         ;
;             |sign_div_unsign_akh:divider| ; 46 (0)              ; 0 (0)                     ; 0           ; 0            ; 0       ; 0         ; 0    ; 0            ; |top|seg:u_seg|lpm_divide:Mod2|lpm_divide_l9m:auto_generated|sign_div_unsign_akh:divider                       ; sign_div_unsign_akh ; work         ;
;                |alt_u_div_84f:divider|    ; 46 (46)             ; 0 (0)                     ; 0           ; 0            ; 0       ; 0         ; 0    ; 0            ; |top|seg:u_seg|lpm_divide:Mod2|lpm_divide_l9m:auto_generated|sign_div_unsign_akh:divider|alt_u_div_84f:divider ; alt_u_div_84f       ; work         ;
;    |stopwatch:u_stopwatch|                ; 104 (104)           ; 41 (41)                   ; 0           ; 0            ; 0       ; 0         ; 0    ; 0            ; |top|stopwatch:u_stopwatch                                                                                     ; stopwatch           ; work         ;
;    |timer:u_timer|                        ; 299 (236)           ; 140 (97)                  ; 0           ; 0            ; 0       ; 0         ; 0    ; 0            ; |top|timer:u_timer                                                                                             ; timer               ; work         ;
;       |blink:u_blink|                     ; 37 (37)             ; 27 (27)                   ; 0           ; 0            ; 0       ; 0         ; 0    ; 0            ; |top|timer:u_timer|blink:u_blink                                                                               ; blink               ; work         ;
;       |buzz:u_buzz|                       ; 26 (26)             ; 16 (16)                   ; 0           ; 0            ; 0       ; 0         ; 0    ; 0            ; |top|timer:u_timer|buzz:u_buzz                                                                                 ; buzz                ; work         ;
+-------------------------------------------+---------------------+---------------------------+-------------+--------------+---------+-----------+------+--------------+----------------------------------------------------------------------------------------------------------------+---------------------+--------------+
Note: For table entries with two numbers listed, the numbers in parentheses indicate the number of resources of the given type used by the specific entity alone. The numbers listed outside of parentheses indicate the total resources of the given type used by the specific entity and all of its sub-entities in the hierarchy.


Encoding Type:  One-Hot
+-----------------------------------------------------------------------------------------------+
; State Machine - |top|current_state                                                            ;
+-------------------------+-------------------------+---------------------+---------------------+
; Name                    ; current_state.STOPWATCH ; current_state.TIMER ; current_state.CLOCK ;
+-------------------------+-------------------------+---------------------+---------------------+
; current_state.CLOCK     ; 0                       ; 0                   ; 0                   ;
; current_state.STOPWATCH ; 1                       ; 0                   ; 1                   ;
; current_state.TIMER     ; 0                       ; 1                   ; 1                   ;
+-------------------------+-------------------------+---------------------+---------------------+


Encoding Type:  One-Hot
+-----------------------------------------------------+
; State Machine - |top|timer:u_timer|choice           ;
+-------------+------------+-------------+------------+
; Name        ; choice.MIN ; choice.HOUR ; choice.SEC ;
+-------------+------------+-------------+------------+
; choice.SEC  ; 0          ; 0           ; 0          ;
; choice.MIN  ; 1          ; 0           ; 1          ;
; choice.HOUR ; 0          ; 1           ; 1          ;
+-------------+------------+-------------+------------+


Encoding Type:  One-Hot
+---------------------------------------------------------------------------------------------------------------------+
; State Machine - |top|timer:u_timer|current_state                                                                    ;
+-----------------------+----------------------+----------------------+-----------------------+-----------------------+
; Name                  ; current_state.PAUSED ; current_state.TIMEUP ; current_state.RUNNING ; current_state.SETTING ;
+-----------------------+----------------------+----------------------+-----------------------+-----------------------+
; current_state.SETTING ; 0                    ; 0                    ; 0                     ; 0                     ;
; current_state.RUNNING ; 0                    ; 0                    ; 1                     ; 1                     ;
; current_state.TIMEUP  ; 0                    ; 1                    ; 0                     ; 1                     ;
; current_state.PAUSED  ; 1                    ; 0                    ; 0                     ; 1                     ;
+-----------------------+----------------------+----------------------+-----------------------+-----------------------+


Encoding Type:  One-Hot
+-------------------------------------------------------------------------------------------+
; State Machine - |top|stopwatch:u_stopwatch|current_state                                  ;
+-----------------------+-----------------------+----------------------+--------------------+
; Name                  ; current_state.RUNNING ; current_state.PAUSED ; current_state.IDLE ;
+-----------------------+-----------------------+----------------------+--------------------+
; current_state.IDLE    ; 0                     ; 0                    ; 0                  ;
; current_state.RUNNING ; 1                     ; 0                    ; 1                  ;
; current_state.PAUSED  ; 0                     ; 1                    ; 1                  ;
+-----------------------+-----------------------+----------------------+--------------------+


Encoding Type:  One-Hot
+-----------------------------------------------------+
; State Machine - |top|clock:u_clock|choice           ;
+-------------+------------+-------------+------------+
; Name        ; choice.MIN ; choice.HOUR ; choice.SEC ;
+-------------+------------+-------------+------------+
; choice.SEC  ; 0          ; 0           ; 0          ;
; choice.MIN  ; 1          ; 0           ; 1          ;
; choice.HOUR ; 0          ; 1           ; 1          ;
+-------------+------------+-------------+------------+


+-----------------------------------------------------------------------------------+
; Registers Removed During Synthesis                                                ;
+------------------------------------------+----------------------------------------+
; Register name                            ; Reason for Removal                     ;
+------------------------------------------+----------------------------------------+
; timer:u_timer|data[6,13,19,20]           ; Stuck at GND due to stuck port data_in ;
; stopwatch:u_stopwatch|data[13]           ; Stuck at GND due to stuck port data_in ;
; clock:u_clock|data[6,13,19,20]           ; Stuck at GND due to stuck port data_in ;
; timer:u_timer|current_state~4            ; Lost fanout                            ;
; timer:u_timer|current_state~5            ; Lost fanout                            ;
; stopwatch:u_stopwatch|current_state.IDLE ; Lost fanout                            ;
; Total Number of Removed Registers = 12   ;                                        ;
+------------------------------------------+----------------------------------------+


+------------------------------------------------------+
; General Register Statistics                          ;
+----------------------------------------------+-------+
; Statistic                                    ; Value ;
+----------------------------------------------+-------+
; Total registers                              ; 280   ;
; Number of registers using Synchronous Clear  ; 88    ;
; Number of registers using Synchronous Load   ; 17    ;
; Number of registers using Asynchronous Clear ; 280   ;
; Number of registers using Asynchronous Load  ; 0     ;
; Number of registers using Clock Enable       ; 79    ;
; Number of registers using Preset             ; 0     ;
+----------------------------------------------+-------+


+--------------------------------------------------+
; Inverted Register Statistics                     ;
+----------------------------------------+---------+
; Inverted Register                      ; Fan out ;
+----------------------------------------+---------+
; seg:u_seg|sel[0]                       ; 1       ;
; seg:u_seg|sel[1]                       ; 1       ;
; seg:u_seg|sel[2]                       ; 1       ;
; seg:u_seg|sel[3]                       ; 1       ;
; seg:u_seg|sel[4]                       ; 1       ;
; seg:u_seg|sel[5]                       ; 1       ;
; seg:u_seg|sel[6]                       ; 1       ;
; seg:u_seg|sel[7]                       ; 1       ;
; Total number of inverted registers = 8 ;         ;
+----------------------------------------+---------+


+--------------------------------------------------------------------------------------------------------------------------------------------------------+
; Multiplexer Restructuring Statistics (Restructuring Performed)                                                                                         ;
+--------------------+-----------+---------------+----------------------+------------------------+------------+------------------------------------------+
; Multiplexer Inputs ; Bus Width ; Baseline Area ; Area if Restructured ; Saving if Restructured ; Registered ; Example Multiplexer Output               ;
+--------------------+-----------+---------------+----------------------+------------------------+------------+------------------------------------------+
; 3:1                ; 6 bits    ; 12 LEs        ; 6 LEs                ; 6 LEs                  ; Yes        ; |top|clock:u_clock|data[0]               ;
; 3:1                ; 26 bits   ; 52 LEs        ; 26 LEs               ; 26 LEs                 ; Yes        ; |top|clock:u_clock|cnt[9]                ;
; 3:1                ; 6 bits    ; 12 LEs        ; 6 LEs                ; 6 LEs                  ; Yes        ; |top|clock:u_clock|data[7]               ;
; 3:1                ; 5 bits    ; 10 LEs        ; 5 LEs                ; 5 LEs                  ; Yes        ; |top|clock:u_clock|data[15]              ;
; 3:1                ; 26 bits   ; 52 LEs        ; 26 LEs               ; 26 LEs                 ; Yes        ; |top|timer:u_timer|blink:u_blink|cnt[14] ;
; 3:1                ; 16 bits   ; 32 LEs        ; 16 LEs               ; 16 LEs                 ; Yes        ; |top|timer:u_timer|buzz:u_buzz|cnt[15]   ;
; 3:1                ; 19 bits   ; 38 LEs        ; 19 LEs               ; 19 LEs                 ; Yes        ; |top|key:u_key|cnt[14]                   ;
; 4:1                ; 5 bits    ; 10 LEs        ; 5 LEs                ; 5 LEs                  ; Yes        ; |top|timer:u_timer|data[17]              ;
; 5:1                ; 6 bits    ; 18 LEs        ; 12 LEs               ; 6 LEs                  ; Yes        ; |top|timer:u_timer|data[3]               ;
; 5:1                ; 6 bits    ; 18 LEs        ; 12 LEs               ; 6 LEs                  ; Yes        ; |top|timer:u_timer|data[12]              ;
; 6:1                ; 3 bits    ; 12 LEs        ; 9 LEs                ; 3 LEs                  ; Yes        ; |top|key:u_key|key_val[2]                ;
; 3:1                ; 7 bits    ; 14 LEs        ; 14 LEs               ; 0 LEs                  ; No         ; |top|stopwatch:u_stopwatch|data          ;
; 3:1                ; 6 bits    ; 12 LEs        ; 12 LEs               ; 0 LEs                  ; No         ; |top|stopwatch:u_stopwatch|data          ;
; 3:1                ; 3 bits    ; 6 LEs         ; 6 LEs                ; 0 LEs                  ; No         ; |top|clock:u_clock|choice                ;
; 3:1                ; 6 bits    ; 12 LEs        ; 12 LEs               ; 0 LEs                  ; No         ; |top|timer:u_timer|data                  ;
; 3:1                ; 6 bits    ; 12 LEs        ; 12 LEs               ; 0 LEs                  ; No         ; |top|timer:u_timer|data                  ;
; 3:1                ; 5 bits    ; 10 LEs        ; 10 LEs               ; 0 LEs                  ; No         ; |top|timer:u_timer|data                  ;
; 3:1                ; 26 bits   ; 52 LEs        ; 52 LEs               ; 0 LEs                  ; No         ; |top|timer:u_timer|cnt_buz               ;
; 3:1                ; 17 bits   ; 34 LEs        ; 34 LEs               ; 0 LEs                  ; No         ; |top|Selector22                          ;
; 8:1                ; 3 bits    ; 15 LEs        ; 12 LEs               ; 3 LEs                  ; No         ; |top|seg:u_seg|Mux2                      ;
; 8:1                ; 4 bits    ; 20 LEs        ; 16 LEs               ; 4 LEs                  ; No         ; |top|seg:u_seg|Mux6                      ;
; 5:1                ; 2 bits    ; 6 LEs         ; 4 LEs                ; 2 LEs                  ; No         ; |top|Selector24                          ;
+--------------------+-----------+---------------+----------------------+------------------------+------------+------------------------------------------+


+----------------------------------------------------------------------------+
; Parameter Settings for Inferred Entity Instance: seg:u_seg|lpm_divide:Div0 ;
+------------------------+----------------+----------------------------------+
; Parameter Name         ; Value          ; Type                             ;
+------------------------+----------------+----------------------------------+
; LPM_WIDTHN             ; 7              ; Untyped                          ;
; LPM_WIDTHD             ; 4              ; Untyped                          ;
; LPM_NREPRESENTATION    ; UNSIGNED       ; Untyped                          ;
; LPM_DREPRESENTATION    ; UNSIGNED       ; Untyped                          ;
; LPM_PIPELINE           ; 0              ; Untyped                          ;
; LPM_REMAINDERPOSITIVE  ; TRUE           ; Untyped                          ;
; MAXIMIZE_SPEED         ; 5              ; Untyped                          ;
; CBXI_PARAMETER         ; lpm_divide_ihm ; Untyped                          ;
; CARRY_CHAIN            ; MANUAL         ; Untyped                          ;
; OPTIMIZE_FOR_SPEED     ; 5              ; Untyped                          ;
; AUTO_CARRY_CHAINS      ; ON             ; AUTO_CARRY                       ;
; IGNORE_CARRY_BUFFERS   ; OFF            ; IGNORE_CARRY                     ;
; AUTO_CASCADE_CHAINS    ; ON             ; AUTO_CASCADE                     ;
; IGNORE_CASCADE_BUFFERS ; OFF            ; IGNORE_CASCADE                   ;
+------------------------+----------------+----------------------------------+
Note: In order to hide this table in the UI and the text report file, please set the "Show Parameter Settings in Synthesis Report" option in "Analysis and Synthesis Settings -> More Settings" to "Off".


+----------------------------------------------------------------------------+
; Parameter Settings for Inferred Entity Instance: seg:u_seg|lpm_divide:Div1 ;
+------------------------+----------------+----------------------------------+
; Parameter Name         ; Value          ; Type                             ;
+------------------------+----------------+----------------------------------+
; LPM_WIDTHN             ; 7              ; Untyped                          ;
; LPM_WIDTHD             ; 4              ; Untyped                          ;
; LPM_NREPRESENTATION    ; UNSIGNED       ; Untyped                          ;
; LPM_DREPRESENTATION    ; UNSIGNED       ; Untyped                          ;
; LPM_PIPELINE           ; 0              ; Untyped                          ;
; LPM_REMAINDERPOSITIVE  ; TRUE           ; Untyped                          ;
; MAXIMIZE_SPEED         ; 5              ; Untyped                          ;
; CBXI_PARAMETER         ; lpm_divide_ihm ; Untyped                          ;
; CARRY_CHAIN            ; MANUAL         ; Untyped                          ;
; OPTIMIZE_FOR_SPEED     ; 5              ; Untyped                          ;
; AUTO_CARRY_CHAINS      ; ON             ; AUTO_CARRY                       ;
; IGNORE_CARRY_BUFFERS   ; OFF            ; IGNORE_CARRY                     ;
; AUTO_CASCADE_CHAINS    ; ON             ; AUTO_CASCADE                     ;
; IGNORE_CASCADE_BUFFERS ; OFF            ; IGNORE_CASCADE                   ;
+------------------------+----------------+----------------------------------+
Note: In order to hide this table in the UI and the text report file, please set the "Show Parameter Settings in Synthesis Report" option in "Analysis and Synthesis Settings -> More Settings" to "Off".


+----------------------------------------------------------------------------+
; Parameter Settings for Inferred Entity Instance: seg:u_seg|lpm_divide:Div2 ;
+------------------------+----------------+----------------------------------+
; Parameter Name         ; Value          ; Type                             ;
+------------------------+----------------+----------------------------------+
; LPM_WIDTHN             ; 7              ; Untyped                          ;
; LPM_WIDTHD             ; 4              ; Untyped                          ;
; LPM_NREPRESENTATION    ; UNSIGNED       ; Untyped                          ;
; LPM_DREPRESENTATION    ; UNSIGNED       ; Untyped                          ;
; LPM_PIPELINE           ; 0              ; Untyped                          ;
; LPM_REMAINDERPOSITIVE  ; TRUE           ; Untyped                          ;
; MAXIMIZE_SPEED         ; 5              ; Untyped                          ;
; CBXI_PARAMETER         ; lpm_divide_ihm ; Untyped                          ;
; CARRY_CHAIN            ; MANUAL         ; Untyped                          ;
; OPTIMIZE_FOR_SPEED     ; 5              ; Untyped                          ;
; AUTO_CARRY_CHAINS      ; ON             ; AUTO_CARRY                       ;
; IGNORE_CARRY_BUFFERS   ; OFF            ; IGNORE_CARRY                     ;
; AUTO_CASCADE_CHAINS    ; ON             ; AUTO_CASCADE                     ;
; IGNORE_CASCADE_BUFFERS ; OFF            ; IGNORE_CASCADE                   ;
+------------------------+----------------+----------------------------------+
Note: In order to hide this table in the UI and the text report file, please set the "Show Parameter Settings in Synthesis Report" option in "Analysis and Synthesis Settings -> More Settings" to "Off".


+----------------------------------------------------------------------------+
; Parameter Settings for Inferred Entity Instance: seg:u_seg|lpm_divide:Mod0 ;
+------------------------+----------------+----------------------------------+
; Parameter Name         ; Value          ; Type                             ;
+------------------------+----------------+----------------------------------+
; LPM_WIDTHN             ; 7              ; Untyped                          ;
; LPM_WIDTHD             ; 4              ; Untyped                          ;
; LPM_NREPRESENTATION    ; UNSIGNED       ; Untyped                          ;
; LPM_DREPRESENTATION    ; UNSIGNED       ; Untyped                          ;
; LPM_PIPELINE           ; 0              ; Untyped                          ;
; LPM_REMAINDERPOSITIVE  ; TRUE           ; Untyped                          ;
; MAXIMIZE_SPEED         ; 5              ; Untyped                          ;
; CBXI_PARAMETER         ; lpm_divide_l9m ; Untyped                          ;
; CARRY_CHAIN            ; MANUAL         ; Untyped                          ;
; OPTIMIZE_FOR_SPEED     ; 5              ; Untyped                          ;
; AUTO_CARRY_CHAINS      ; ON             ; AUTO_CARRY                       ;
; IGNORE_CARRY_BUFFERS   ; OFF            ; IGNORE_CARRY                     ;
; AUTO_CASCADE_CHAINS    ; ON             ; AUTO_CASCADE                     ;
; IGNORE_CASCADE_BUFFERS ; OFF            ; IGNORE_CASCADE                   ;
+------------------------+----------------+----------------------------------+
Note: In order to hide this table in the UI and the text report file, please set the "Show Parameter Settings in Synthesis Report" option in "Analysis and Synthesis Settings -> More Settings" to "Off".


+----------------------------------------------------------------------------+
; Parameter Settings for Inferred Entity Instance: seg:u_seg|lpm_divide:Mod2 ;
+------------------------+----------------+----------------------------------+
; Parameter Name         ; Value          ; Type                             ;
+------------------------+----------------+----------------------------------+
; LPM_WIDTHN             ; 7              ; Untyped                          ;
; LPM_WIDTHD             ; 4              ; Untyped                          ;
; LPM_NREPRESENTATION    ; UNSIGNED       ; Untyped                          ;
; LPM_DREPRESENTATION    ; UNSIGNED       ; Untyped                          ;
; LPM_PIPELINE           ; 0              ; Untyped                          ;
; LPM_REMAINDERPOSITIVE  ; TRUE           ; Untyped                          ;
; MAXIMIZE_SPEED         ; 5              ; Untyped                          ;
; CBXI_PARAMETER         ; lpm_divide_l9m ; Untyped                          ;
; CARRY_CHAIN            ; MANUAL         ; Untyped                          ;
; OPTIMIZE_FOR_SPEED     ; 5              ; Untyped                          ;
; AUTO_CARRY_CHAINS      ; ON             ; AUTO_CARRY                       ;
; IGNORE_CARRY_BUFFERS   ; OFF            ; IGNORE_CARRY                     ;
; AUTO_CASCADE_CHAINS    ; ON             ; AUTO_CASCADE                     ;
; IGNORE_CASCADE_BUFFERS ; OFF            ; IGNORE_CASCADE                   ;
+------------------------+----------------+----------------------------------+
Note: In order to hide this table in the UI and the text report file, please set the "Show Parameter Settings in Synthesis Report" option in "Analysis and Synthesis Settings -> More Settings" to "Off".


+----------------------------------------------------------------------------+
; Parameter Settings for Inferred Entity Instance: seg:u_seg|lpm_divide:Mod1 ;
+------------------------+----------------+----------------------------------+
; Parameter Name         ; Value          ; Type                             ;
+------------------------+----------------+----------------------------------+
; LPM_WIDTHN             ; 7              ; Untyped                          ;
; LPM_WIDTHD             ; 4              ; Untyped                          ;
; LPM_NREPRESENTATION    ; UNSIGNED       ; Untyped                          ;
; LPM_DREPRESENTATION    ; UNSIGNED       ; Untyped                          ;
; LPM_PIPELINE           ; 0              ; Untyped                          ;
; LPM_REMAINDERPOSITIVE  ; TRUE           ; Untyped                          ;
; MAXIMIZE_SPEED         ; 5              ; Untyped                          ;
; CBXI_PARAMETER         ; lpm_divide_l9m ; Untyped                          ;
; CARRY_CHAIN            ; MANUAL         ; Untyped                          ;
; OPTIMIZE_FOR_SPEED     ; 5              ; Untyped                          ;
; AUTO_CARRY_CHAINS      ; ON             ; AUTO_CARRY                       ;
; IGNORE_CARRY_BUFFERS   ; OFF            ; IGNORE_CARRY                     ;
; AUTO_CASCADE_CHAINS    ; ON             ; AUTO_CASCADE                     ;
; IGNORE_CASCADE_BUFFERS ; OFF            ; IGNORE_CASCADE                   ;
+------------------------+----------------+----------------------------------+
Note: In order to hide this table in the UI and the text report file, please set the "Show Parameter Settings in Synthesis Report" option in "Analysis and Synthesis Settings -> More Settings" to "Off".


+-----------------------------------------------------+
; Post-Synthesis Netlist Statistics for Top Partition ;
+-----------------------+-----------------------------+
; Type                  ; Count                       ;
+-----------------------+-----------------------------+
; boundary_port         ; 28                          ;
; cycloneiii_ff         ; 280                         ;
;     CLR               ; 132                         ;
;     CLR SCLR          ; 69                          ;
;     ENA CLR           ; 43                          ;
;     ENA CLR SCLR      ; 19                          ;
;     ENA CLR SLD       ; 17                          ;
; cycloneiii_lcell_comb ; 874                         ;
;     arith             ; 311                         ;
;         1 data inputs ; 2                           ;
;         2 data inputs ; 237                         ;
;         3 data inputs ; 72                          ;
;     normal            ; 563                         ;
;         0 data inputs ; 22                          ;
;         1 data inputs ; 33                          ;
;         2 data inputs ; 82                          ;
;         3 data inputs ; 66                          ;
;         4 data inputs ; 360                         ;
;                       ;                             ;
; Max LUT depth         ; 15.50                       ;
; Average LUT depth     ; 6.45                        ;
+-----------------------+-----------------------------+


+-------------------------------+
; Elapsed Time Per Partition    ;
+----------------+--------------+
; Partition Name ; Elapsed Time ;
+----------------+--------------+
; Top            ; 00:00:01     ;
+----------------+--------------+


+-------------------------------+
; Analysis & Synthesis Messages ;
+-------------------------------+
Info: *******************************************************************
Info: Running Quartus Prime Analysis & Synthesis
    Info: Version 18.1.0 Build 625 09/12/2018 SJ Lite Edition
    Info: Processing started: Sun Dec 29 01:16:51 2024
Info: Command: quartus_map --read_settings_files=on --write_settings_files=off ChronoX -c ChronoX
Warning (18236): Number of processors has not been specified which may cause overloading on shared machines.  Set the global assignment NUM_PARALLEL_PROCESSORS in your QSF to an appropriate value for best performance.
Info (20030): Parallel compilation is enabled and will use 12 of the 12 processors detected
Info (12021): Found 1 design units, including 1 entities, in source file src/top.v
    Info (12023): Found entity 1: top File: C:/intelFPGA_lite/18.1/project/ChronoX/src/top.v Line: 1
Info (12021): Found 1 design units, including 1 entities, in source file src/key.v
    Info (12023): Found entity 1: key File: C:/intelFPGA_lite/18.1/project/ChronoX/src/key.v Line: 2
Info (12021): Found 1 design units, including 1 entities, in source file src/seg.v
    Info (12023): Found entity 1: seg File: C:/intelFPGA_lite/18.1/project/ChronoX/src/seg.v Line: 2
Info (12021): Found 1 design units, including 1 entities, in source file src/clock.v
    Info (12023): Found entity 1: clock File: C:/intelFPGA_lite/18.1/project/ChronoX/src/clock.v Line: 1
Info (12021): Found 1 design units, including 1 entities, in source file src/stopwatch.v
    Info (12023): Found entity 1: stopwatch File: C:/intelFPGA_lite/18.1/project/ChronoX/src/stopwatch.v Line: 1
Info (12021): Found 1 design units, including 1 entities, in source file src/timer.v
    Info (12023): Found entity 1: timer File: C:/intelFPGA_lite/18.1/project/ChronoX/src/timer.v Line: 1
Info (12021): Found 1 design units, including 1 entities, in source file src/blink.v
    Info (12023): Found entity 1: blink File: C:/intelFPGA_lite/18.1/project/ChronoX/src/blink.v Line: 2
Info (12021): Found 1 design units, including 1 entities, in source file src/buzz.v
    Info (12023): Found entity 1: buzz File: C:/intelFPGA_lite/18.1/project/ChronoX/src/buzz.v Line: 2
Info (12127): Elaborating entity "top" for the top level hierarchy
Info (12128): Elaborating entity "key" for hierarchy "key:u_key" File: C:/intelFPGA_lite/18.1/project/ChronoX/src/top.v Line: 21
Info (12128): Elaborating entity "seg" for hierarchy "seg:u_seg" File: C:/intelFPGA_lite/18.1/project/ChronoX/src/top.v Line: 32
Info (12128): Elaborating entity "clock" for hierarchy "clock:u_clock" File: C:/intelFPGA_lite/18.1/project/ChronoX/src/top.v Line: 52
Info (12128): Elaborating entity "stopwatch" for hierarchy "stopwatch:u_stopwatch" File: C:/intelFPGA_lite/18.1/project/ChronoX/src/top.v Line: 59
Info (12128): Elaborating entity "timer" for hierarchy "timer:u_timer" File: C:/intelFPGA_lite/18.1/project/ChronoX/src/top.v Line: 68
Warning (10240): Verilog HDL Always Construct warning at timer.v(107): inferring latch(es) for variable "data_tmp", which holds its previous value in one or more paths through the always construct File: C:/intelFPGA_lite/18.1/project/ChronoX/src/timer.v Line: 107
Info (10041): Inferred latch for "data_tmp[6]" at timer.v(107) File: C:/intelFPGA_lite/18.1/project/ChronoX/src/timer.v Line: 107
Info (10041): Inferred latch for "data_tmp[13]" at timer.v(107) File: C:/intelFPGA_lite/18.1/project/ChronoX/src/timer.v Line: 107
Info (10041): Inferred latch for "data_tmp[19]" at timer.v(107) File: C:/intelFPGA_lite/18.1/project/ChronoX/src/timer.v Line: 107
Info (10041): Inferred latch for "data_tmp[20]" at timer.v(107) File: C:/intelFPGA_lite/18.1/project/ChronoX/src/timer.v Line: 107
Info (12128): Elaborating entity "blink" for hierarchy "timer:u_timer|blink:u_blink" File: C:/intelFPGA_lite/18.1/project/ChronoX/src/timer.v Line: 21
Info (12128): Elaborating entity "buzz" for hierarchy "timer:u_timer|buzz:u_buzz" File: C:/intelFPGA_lite/18.1/project/ChronoX/src/timer.v Line: 34
Info (278001): Inferred 6 megafunctions from design logic
    Info (278004): Inferred divider/modulo megafunction ("lpm_divide") from the following logic: "seg:u_seg|Div0" File: C:/intelFPGA_lite/18.1/project/ChronoX/src/seg.v Line: 51
    Info (278004): Inferred divider/modulo megafunction ("lpm_divide") from the following logic: "seg:u_seg|Div1" File: C:/intelFPGA_lite/18.1/project/ChronoX/src/seg.v Line: 54
    Info (278004): Inferred divider/modulo megafunction ("lpm_divide") from the following logic: "seg:u_seg|Div2" File: C:/intelFPGA_lite/18.1/project/ChronoX/src/seg.v Line: 57
    Info (278004): Inferred divider/modulo megafunction ("lpm_divide") from the following logic: "seg:u_seg|Mod0" File: C:/intelFPGA_lite/18.1/project/ChronoX/src/seg.v Line: 50
    Info (278004): Inferred divider/modulo megafunction ("lpm_divide") from the following logic: "seg:u_seg|Mod2" File: C:/intelFPGA_lite/18.1/project/ChronoX/src/seg.v Line: 56
    Info (278004): Inferred divider/modulo megafunction ("lpm_divide") from the following logic: "seg:u_seg|Mod1" File: C:/intelFPGA_lite/18.1/project/ChronoX/src/seg.v Line: 53
Info (12130): Elaborated megafunction instantiation "seg:u_seg|lpm_divide:Div0" File: C:/intelFPGA_lite/18.1/project/ChronoX/src/seg.v Line: 51
Info (12133): Instantiated megafunction "seg:u_seg|lpm_divide:Div0" with the following parameter: File: C:/intelFPGA_lite/18.1/project/ChronoX/src/seg.v Line: 51
    Info (12134): Parameter "LPM_WIDTHN" = "7"
    Info (12134): Parameter "LPM_WIDTHD" = "4"
    Info (12134): Parameter "LPM_NREPRESENTATION" = "UNSIGNED"
    Info (12134): Parameter "LPM_DREPRESENTATION" = "UNSIGNED"
Info (12021): Found 1 design units, including 1 entities, in source file db/lpm_divide_ihm.tdf
    Info (12023): Found entity 1: lpm_divide_ihm File: C:/intelFPGA_lite/18.1/project/ChronoX/db/lpm_divide_ihm.tdf Line: 24
Info (12021): Found 1 design units, including 1 entities, in source file db/sign_div_unsign_akh.tdf
    Info (12023): Found entity 1: sign_div_unsign_akh File: C:/intelFPGA_lite/18.1/project/ChronoX/db/sign_div_unsign_akh.tdf Line: 24
Info (12021): Found 1 design units, including 1 entities, in source file db/alt_u_div_84f.tdf
    Info (12023): Found entity 1: alt_u_div_84f File: C:/intelFPGA_lite/18.1/project/ChronoX/db/alt_u_div_84f.tdf Line: 26
Info (12021): Found 1 design units, including 1 entities, in source file db/add_sub_7pc.tdf
    Info (12023): Found entity 1: add_sub_7pc File: C:/intelFPGA_lite/18.1/project/ChronoX/db/add_sub_7pc.tdf Line: 22
Info (12021): Found 1 design units, including 1 entities, in source file db/add_sub_8pc.tdf
    Info (12023): Found entity 1: add_sub_8pc File: C:/intelFPGA_lite/18.1/project/ChronoX/db/add_sub_8pc.tdf Line: 22
Info (12130): Elaborated megafunction instantiation "seg:u_seg|lpm_divide:Div1" File: C:/intelFPGA_lite/18.1/project/ChronoX/src/seg.v Line: 54
Info (12133): Instantiated megafunction "seg:u_seg|lpm_divide:Div1" with the following parameter: File: C:/intelFPGA_lite/18.1/project/ChronoX/src/seg.v Line: 54
    Info (12134): Parameter "LPM_WIDTHN" = "7"
    Info (12134): Parameter "LPM_WIDTHD" = "4"
    Info (12134): Parameter "LPM_NREPRESENTATION" = "UNSIGNED"
    Info (12134): Parameter "LPM_DREPRESENTATION" = "UNSIGNED"
Info (12130): Elaborated megafunction instantiation "seg:u_seg|lpm_divide:Mod0" File: C:/intelFPGA_lite/18.1/project/ChronoX/src/seg.v Line: 50
Info (12133): Instantiated megafunction "seg:u_seg|lpm_divide:Mod0" with the following parameter: File: C:/intelFPGA_lite/18.1/project/ChronoX/src/seg.v Line: 50
    Info (12134): Parameter "LPM_WIDTHN" = "7"
    Info (12134): Parameter "LPM_WIDTHD" = "4"
    Info (12134): Parameter "LPM_NREPRESENTATION" = "UNSIGNED"
    Info (12134): Parameter "LPM_DREPRESENTATION" = "UNSIGNED"
Info (12021): Found 1 design units, including 1 entities, in source file db/lpm_divide_l9m.tdf
    Info (12023): Found entity 1: lpm_divide_l9m File: C:/intelFPGA_lite/18.1/project/ChronoX/db/lpm_divide_l9m.tdf Line: 24
Info (12130): Elaborated megafunction instantiation "seg:u_seg|lpm_divide:Mod1" File: C:/intelFPGA_lite/18.1/project/ChronoX/src/seg.v Line: 53
Info (12133): Instantiated megafunction "seg:u_seg|lpm_divide:Mod1" with the following parameter: File: C:/intelFPGA_lite/18.1/project/ChronoX/src/seg.v Line: 53
    Info (12134): Parameter "LPM_WIDTHN" = "7"
    Info (12134): Parameter "LPM_WIDTHD" = "4"
    Info (12134): Parameter "LPM_NREPRESENTATION" = "UNSIGNED"
    Info (12134): Parameter "LPM_DREPRESENTATION" = "UNSIGNED"
Info (13000): Registers with preset signals will power-up high File: C:/intelFPGA_lite/18.1/project/ChronoX/src/seg.v Line: 33
Info (13003): DEV_CLRn pin will set, and not reset, register with preset signal due to NOT Gate Push-Back
Info (286030): Timing-Driven Synthesis is running
Info (17049): 3 registers lost all their fanouts during netlist optimizations.
Info (144001): Generated suppressed messages file C:/intelFPGA_lite/18.1/project/ChronoX/output_files/ChronoX.map.smsg
Info (16010): Generating hard_block partition "hard_block:auto_generated_inst"
    Info (16011): Adding 0 node(s), including 0 DDIO, 0 PLL, 0 transceiver and 0 LCELL
Info (21057): Implemented 922 device resources after synthesis - the final resource count might be different
    Info (21058): Implemented 6 input pins
    Info (21059): Implemented 22 output pins
    Info (21061): Implemented 894 logic cells
Info: Quartus Prime Analysis & Synthesis was successful. 0 errors, 2 warnings
    Info: Peak virtual memory: 4835 megabytes
    Info: Processing ended: Sun Dec 29 01:16:58 2024
    Info: Elapsed time: 00:00:07
    Info: Total CPU time (on all processors): 00:00:14


+------------------------------------------+
; Analysis & Synthesis Suppressed Messages ;
+------------------------------------------+
The suppressed messages can be found in C:/intelFPGA_lite/18.1/project/ChronoX/output_files/ChronoX.map.smsg.


